===== Отчет: Ср 11 мар 2026 19:04:32 UTC =====

--- Диск -----
Filesystem      Size  Used Avail Use% Mounted on
/dev/sda2        20G  7,5G   12G  41% /
--- Память ---
               total        used        free      shared  buff/cache   available
Mem:           1,9Gi       395Mi       1,1Gi       1,1Mi       650Mi       1,5Gi
Swap:          2,0Gi          0B       2,0Gi
--- Система ---
 19:04:32 up  1:26,  2 users,  load average: 0,00, 0,00, 0,00

===== Отчет: Ср 11 мар 2026 19:05:34 UTC =====

--- Диск -----
Filesystem      Size  Used Avail Use% Mounted on
/dev/sda2        20G  7,5G   12G  41% /
--- Память ---
               total        used        free      shared  buff/cache   available
Mem:           1,9Gi       395Mi       1,1Gi       1,1Mi       650Mi       1,5Gi
Swap:          2,0Gi          0B       2,0Gi
--- Система ---
 19:05:34 up  1:27,  2 users,  load average: 0,00, 0,00, 0,00

===== Отчет: Tue Jun  9 07:13:23 UTC 2026 =====

--- Диск -----
Filesystem      Size  Used Avail Use% Mounted on
/dev/vda1        14G  6.7G  7.3G  48% /
--- Память ---
               total        used        free      shared  buff/cache   available
Mem:           1.9Gi       849Mi       157Mi        93Mi       1.2Gi       1.1Gi
Swap:             0B          0B          0B
--- Система ---
 07:13:23 up  1:18,  1 user,  load average: 0.00, 0.00, 0.00

===== Отчет: Tue Jun  9 07:14:50 UTC 2026 =====

--- Диск -----
Filesystem      Size  Used Avail Use% Mounted on
/dev/vda1        14G  6.7G  7.3G  48% /
--- Память ---
               total        used        free      shared  buff/cache   available
Mem:           1.9Gi       850Mi       156Mi        93Mi       1.2Gi       1.1Gi
Swap:             0B          0B          0B
--- Система ---
 07:14:50 up  1:19,  1 user,  load average: 0.00, 0.00, 0.00

